BveTs Map 2.02
$distance;

Gradient.BeginTransition();
Gradient.Begin(20);
distance+95;
CabIlluminance.Set(1);
distance+5;
    Structure['Tunnelpotal-tansen'].Put0('1',0,0);
    Repeater['Rail'].End();
    Repeater['rail1'].Begin0('1',3,4.99,5,'slabraildark');
    Repeater['Tunnel'].Begin0('1',3,4.99,5,'Tunnellp-tansen');
    Repeater['pole1'].End();
distance+5;
CabIlluminance.Set(0);
distance+15;
    Repeater['pole1'].Begin0('1',0,0,40,'tunnelpole');
distance+1000;
	Section.Begin(0,2,6);
	Signal['Type4ygt_LED'].Put(0,'1',-2.1,3,-0.06,,,,,);
	//Structure['Sig4ygt4_LED'].Put('1',-2.1,3,-0.06,,,,,);
	Structure['LabelBS4_L'].Put('1',-2.4,3,-0.1,,,,,);
$ATS=distance;
	include 'BlockPSignalBeacon.map';
$ATS-400;
    Signal['RelayT_LED'].Put(1,'1',-2.1,3,0,0,0,0,0,0);
    //Structure['RelayT4_LED'].Put('1',-2.1,3,0,0,0,0,0,0);
$ATS;
distance+1184;
    Curve.BeginTransition();
distance+16;
    Curve.Begin(1500,0);
	Section.Begin(0,2,6);
	Signal['Type4ygt_LED'].Put(0,'1',-2.1,3,-0.06,,,,,);
	//Structure['Sig4ygt4_LED'].Put('1',-2.1,3,-0.06,,,,,);
	Structure['LabelBS4_L'].Put('1',-2.4,3,-0.1,,,,,);
$ATS=distance;
	include 'BlockPSignalBeacon.map';
$ATS-400;
    Signal['RelayT_LED'].Put(1,'1',-2.1,3,0,0,0,0,0,0);
    //Structure['RelayT4_LED'].Put('1',-2.1,3,0,0,0,0,0,0);
$ATS;
distance+1000;
    Curve.BeginTransition();
distance+16;
    Curve.End();
distance+100;
    Curve.BeginTransition();
    distance+16;
    Curve.Begin(-1500,0);
	Section.Begin(0,2,6);
	Signal['Type4ygt_LED'].Put(0,'1',-2.1,3,-0.06,,,,,);
	//Structure['Sig4ygt4_LED'].Put('1',-2.1,3,-0.06,,,,,);
	Structure['LabelBS4_L'].Put('1',-2.4,3,-0.1,,,,,);
$ATS=distance;
	include 'BlockPSignalBeacon.map';
$ATS-400;
    Signal['RelayT_LED'].Put(1,'1',-2.1,3,0,0,0,0,0,0);
    //Structure['RelayT4_LED'].Put('1',-2.1,3,0,0,0,0,0,0);
$ATS;
    distance+800;
    Curve.BeginTransition();
    distance+16;
    Curve.End();
    distance+100;
    Curve.BeginTransition();
    distance+16;
    Curve.Begin(1500,0);
    distance+500;
	Section.Begin(0,2,6);
	Signal['Type4ygt_LED'].Put(0,'1',-2.1,3,-0.06,,,,,);
	//Structure['Sig4ygt4_LED'].Put('1',-2.1,3,-0.06,,,,,);
	Structure['LabelBS4_L'].Put('1',-2.4,3,-0.1,,,,,);
$ATS=distance;
	include 'BlockPSignalBeacon.map';
$ATS-400;
    Signal['RelayT_LED'].Put(1,'1',-2.1,3,0,0,0,0,0,0);
    //Structure['RelayT4_LED'].Put('1',-2.1,3,0,0,0,0,0,0);
$ATS;
    distance+1000;
    Curve.BeginTransition();
    distance+16;
    Curve.End();
    Signal['RelayT_LED'].Put(1,'1',-2.1,3,0,0,0,0,0,0);
    //Structure['RelayT4_LED'].Put('1',-2.1,3,0,0,0,0,0,0);
distance+195;
CabIlluminance.Set(0);
distance+5;
    Structure['Tunnelpotal-tansen'].Put('1',0,0,0,0,180,0,0,0);
    Repeater['Tunnel'].End();
    Repeater['pole'].End();
    Repeater['rail1'].End();
    Repeater['rail1'].Begin0('1',3,4.99,5,'rail');
    Repeater['pole1'].Begin('1',0,0,0,0,180,0,0,0,40,'acpole');
distance+5;
CabIlluminance.Set(1);
distance+28;
    Gradient.BeginTransition();
distance+16;
    Gradient.End();
$distance=distance;