BveTs Map 2.02
$distance;

	Section.Begin(0,2,6);
	Signal['Type3'].Put(0,'1',-2.4,4.4,-0.06,,,,,);
	Structure['LabelBS4_L'].Put('1',-2.4,3,-0.1,,,,,);
	Structure['Sig_Pole'].Put('1',-2.4,-0.6,0,,,,,5);
	Structure['Sig_Arm_SU'].Put('1',-2.4,4.5,0,,,,,5);
	Structure['Sig_Arm_SD'].Put('1',-2.4,3.48,0,,,,,5);
	Structure['Sig_Base_Step'].Put('1',-2.4,-0.6,0,,,,,5);
$ATS=distance;
	include 'AbsolutePSignalBeacon.map';
$ATS;
distance+30;
    Repeater['pole1'].End();
    Curve.Begin(-2500,0);
    Track['2'].X.Interpolate(0,1250);
    Repeater['rail2'].Begin('2',0,0,0,0,0,0,0,4.99,5,'rail');
distance+100;
    Curve.Begin(2500,0);
    Track['2'].X.Interpolate(4,-1250);
    Track['3'].X.Interpolate(8,0);
	Structure['RailEnd1'].Put('3',0,0,0,0,180,0,0,0);
    Repeater['rail3'].Begin('3',0,0,0,0,0,0,0,4.99,5,'rail');
    Repeater['pole1'].Begin('1',0,0,0,0,  0,0,0,0,40,'acpole');
    Repeater['pole2'].Begin('2',0,0,0,0,180,0,0,0,40,'acpole');

distance+100;
    Track['2'].X.Interpolate(8,0);
    Track['3'].X.Interpolate(8,0);
    Curve.End();
	Repeater['rail3'].End();
	distance+10;
distance+250;
    Station['Hiraoka'].Put(-1,5,5);
	Structure['stop'].Put('1',2,-0.3,0,,,,,);
distance+30;
    Repeater['pole1'].End();
	Section.Begin(0,2,6);
$ATS=distance;
	include 'AbsolutePSignalBeacon.map';
$ATS;
	Signal['Type3'].Put(0,'1',-2.4,4.4,-0.06,,,,,);
	Structure['LabelBS4_L'].Put('1',-2.4,3,-0.1,,,,,);
	Structure['Sig_Pole'].Put('1',-2.4,-0.6,0,,,,,5);
	Structure['Sig_Arm_SU'].Put('1',-2.4,4.5,0,,,,,5);
	Structure['Sig_Arm_SD'].Put('1',-2.4,3.48,0,,,,,5);
	Structure['Sig_Base_Step'].Put('1',-2.4,-0.6,0,,,,,5);
distance+10;
    Track['2'].Position(8,0,-1250,0);
    Track['4'].Position(0,0,-1250,0);
	Repeater['rail4'].Begin0('4',0,0,5,'rail');
	Curve.Begin(2500,0);
distance+100;
Curve.Begin(-2500,0);
    Track['2'].Position(4,0,1250,0);
    Track['4'].Position(-4,0,1250,0);
	Repeater['rail4'].End();
	Structure['RailEnd1'].Put0('4',0,0);
    Structure['acpole'].Put('1',0,0,0,0,  0,0,0,0);
    //Structure['acpole'].Put('2',0,0,0,0,180,0,0,0);
distance+100;
    Track['2'].Position(0,0);
    Curve.End();
	Repeater['pole2'].End();
    Repeater['pole1'].Begin('1',0,0,0,0,180,0,0,0,40,'acpole');
	Repeater['Rail2'].End();
$distance=distance;