BveTs Map 2.02
$distance;
distance+5;
    Repeater['kasen5'].Begin0('5',3,39.99,40,'kasen');
	Repeater['Pole1'].End();
	Repeater['Pole2'].Begin('5',0,0,0,0,0,0,0,0,40,'bridgepole');
	Track['5'].Position(0,-0.01,-1500,0);
	Repeater['Rail5'].Begin0('5',1,4.99,5,'rail');
distance+100;
	Track['5'].Position(-4,-0.01,1500,0);
	Track['6'].Position(-4,-0.01,0,0);
	Repeater['Pole2'].End();
	Repeater['Pole2'].Begin('6',0,0,0,0,0,0,0,0,40,'bridgepole');
	Repeater['Rail6'].Begin0('6',1,4.99,5,'rail');
    Repeater['kasen6'].Begin0('6',3,39.99,40,'kasen');
distance+50;
	Track['6'].Position(-8,-0.01,1500,0);
	Track['7'].Position(-8,-0.01,0,0);
	Repeater['Pole2'].End();
	
	Repeater['Rail7'].Begin0('7',1,4.99,5,'rail');
    Repeater['kasen7'].Begin0('7',3,39.99,40,'kasen');
distance+50;
	Track['7'].Position(-12,-0.01,1500,0);
	Track['5'].Position(-8,-0.01,0,0);
	Structure['fukusenpole5'].Put('6',1,0,0,0,0,0,0,0);
	Repeater['Pole1'].Begin('1',2,0,0,0,0,0,0,0,40,'fukusenpole5');

distance+50;
	Track['6'].Position(-12,-0.01,0,0);
distance+50;
	Track['7'].Position(-16,-0.01,0,0);
	Repeater['Pole2'].Begin('6',0,0,0,0,0,0,0,0,40,'fukusenpole8');
distance+250;
	Repeater['Rail5'].End();
	Structure['RailEnd1'].Put('5',0,0,0,0,0,0,0,0);
	Repeater['Rail6'].End();
	Structure['RailEnd1'].Put('6',0,0,0,0,0,0,0,0);
	Repeater['Rail7'].End();
	Structure['RailEnd1'].Put('7',0,0,0,0,0,0,0,0);
distance-10;
    Repeater['Pole2'].End();
	Repeater['kasen5'].End();
	Repeater['kasen6'].End();
	Repeater['kasen7'].End();
	distance+20;
	Structure['fukusenpole8'].Put('6',0,0,0,0,0,0,0,0);
distance+2000;
	Section.Begin(0,2,6);
	Signal['Type3'].Put(0,'1',-2.4,4.4,-0.06,,,,,);
	Structure['LabelBS4_L'].Put('1',-2.4,3,-0.1,,,,,);
	Structure['Sig_Pole'].Put('1',-2.4,-0.6,0,,,,,5);
	Structure['Sig_Arm_SU'].Put('1',-2.4,4.5,0,,,,,5);
	Structure['Sig_Arm_SD'].Put('1',-2.4,3.48,0,,,,,5);
	Structure['Sig_Base_Step'].Put('1',-2.4,-0.6,0,,,,,5);
$ATS=distance;
	include 'BlockSwSignalBeacon.map';
$ATS;
	Repeater['modernformL1'].Begin('1',-0.15, 0, 0, , , ,3,,5, 'modernformL');
	Repeater['modernformgroundL1'].Begin('1',0.7,-0.01,0, , , ,3,,5, 'modernformgroundL');
	Repeater['formR1'      ].Begin('2',0.15, -0.1, -0.1, , , ,3,,5, 'formR');
	Repeater['formgroundR1'].Begin('2',0   ,-0.1,0, , , ,3,,5, 'formgroundR');
distance+250;
	Station['KitaKawashiro'].Put(-1,-5,5);
distance+5;
	Repeater['modernformL1'].End();
	Repeater['modernformgroundL1'].End();
	Repeater['formR1'].End();
	Repeater['formgroundR1'].End();
distance+25;	
	Section.Begin(0,2,6);
	Signal['Type3'].Put(0,'1',-2.4,4.4,-0.06,,,,,);
	Structure['LabelBS4_L'].Put('1',-2.4,3,-0.1,,,,,);
	Structure['Sig_Pole'].Put('1',-2.4,-0.6,0,,,,,5);
	Structure['Sig_Arm_SU'].Put('1',-2.4,4.5,0,,,,,5);
	Structure['Sig_Arm_SD'].Put('1',-2.4,3.48,0,,,,,5);
	Structure['Sig_Base_Step'].Put('1',-2.4,-0.6,0,,,,,5);
$ATS=distance;
	include 'BlockSwSignalBeacon.map';
$ATS;
distance+5000;
	Section.Begin(0,2,6);
	Signal['Type3'].Put(0,'1',-2.4,4.4,-0.06,,,,,);
	Structure['LabelBS4_L'].Put('1',-2.4,3,-0.1,,,,,);
	Structure['Sig_Pole'].Put('1',-2.4,-0.6,0,,,,,5);
	Structure['Sig_Arm_SU'].Put('1',-2.4,4.5,0,,,,,5);
	Structure['Sig_Arm_SD'].Put('1',-2.4,3.48,0,,,,,5);
	Structure['Sig_Base_Step'].Put('1',-2.4,-0.6,0,,,,,5);
$ATS=distance;
	include 'BlockSwSignalBeacon.map';
$ATS;
	Repeater['modernformL1'].Begin('1',-0.15, 0, 0, , , ,3,,5, 'modernformL');
	Repeater['modernformgroundL1'].Begin('1',0.7,-0.01,0, , , ,3,,5, 'modernformgroundL');
	Repeater['formR1'      ].Begin('2',0.15, -0.1, -0.1, , , ,3,,5, 'formR');
	Repeater['formgroundR1'].Begin('2',0   ,-0.1,0, , , ,3,,5, 'formgroundR');
distance+250;
	Station['Nakayasu'].Put(-1,-5,5);
distance+5;
	Repeater['modernformL1'].End();
	Repeater['modernformgroundL1'].End();
	Repeater['formR1'].End();
	Repeater['formgroundR1'].End();
distance+25;
	Section.Begin(0,2,6);
	Signal['Type3'].Put(0,'1',-2.4,4.4,-0.06,,,,,);
	Structure['LabelBS4_L'].Put('1',-2.4,3,-0.1,,,,,);
	Structure['Sig_Pole'].Put('1',-2.4,-0.6,0,,,,,5);
	Structure['Sig_Arm_SU'].Put('1',-2.4,4.5,0,,,,,5);
	Structure['Sig_Arm_SD'].Put('1',-2.4,3.48,0,,,,,5);
	Structure['Sig_Base_Step'].Put('1',-2.4,-0.6,0,,,,,5);
$ATS=distance;
	include 'BlockSwSignalBeacon.map';
$ATS;
distance+1000;
	Curve.BeginTransition();
distance+16;
	Curve.Begin(1000,0);
distance+600;
	Curve.BeginTransition();
distance+16;
	Curve.End();
$distance=distance;