BveTs Map 2.02
$distance;
	distance+5;
	Track['3'].Position(0,-0.01,-1200,0);
	Track['4'].Position(4,-0.01,1200,0);
	Repeater['slabRail3'].Begin0('3',1,4.99,5,'slabrail');
	Repeater['slabRail4'].Begin0('4',1,4.99,5,'slabrail');
	Repeater['bridgewallR1'].Begin('4',0.2,-0.5,0, , , ,3,,5, 'bridgewallR');
	Repeater['concbridge3'].Begin('3',0,-0.25,0, , , ,3,5,5, 'concbridge');
	Repeater['concbridge4'].Begin('4',0,-0.25,0, , , ,3,5,5, 'concbridge');
	JointNoise.Play(0);
distance+30;
	Repeater['pole1'].End();
	Repeater['pole2'].End();
	Repeater['pole3'].End();
	Repeater['pole4'].End();
distance+50;
	Structure['fukusenpole8'].Put('1',2,0,0,,,,,);
	Structure['kasenhang'].Put('1',1.9,0,0,,,,,);
	Structure['kasenhangL'].Put('3',-1.9,0,0,,,,,);
	Structure['kasenhangR'].Put('4',1.9,0,0,,,,,);
distance+20;
	Track['3'].Position(-4,0,1200,0);
	Track['4'].Position(8,0,-1200,0);
	
distance+24.5;
	Repeater['bridgewallR3'].Begin('3',0.2,-0.5,0, , , ,3,,5, 'bridgewallR');
	Repeater['bridgewallR4'].Begin('2',0.2,-0.5,0, , , ,3,,5, 'bridgewallR');
	Repeater['bridgewallL3'].Begin('1',-0.2,-0.5,0, , , ,3,,5, 'bridgewallL');
	Repeater['bridgewallL4'].Begin('4',-0.2,-0.5,0, , , ,3,,5, 'bridgewallL');
	Repeater['pole1'].Begin('1',0,0,0, ,0, ,3,,40, 'pole');
	Repeater['pole2'].Begin('2',0,0,0, ,180, ,3,,40, 'pole');
	Repeater['pole3'].Begin('3',0,0,0, ,0, ,3,,40, 'pole');
	Repeater['pole4'].Begin('4',0,0,0, ,180, ,3,,40, 'pole');
distance+75.5;
	Repeater['bridgewallR1'].End();
	Repeater['bridgewallR2'].End();
	Repeater['bridgewallR3'].End();
	Repeater['bridgewallR4'].End();
	Repeater['bridgewallL1'].End();
	Repeater['bridgewallL2'].End();
	Repeater['bridgewallL3'].End();
	Repeater['bridgewallL4'].End();
	Repeater['concbridge2'].End();
	Repeater['concbridge1'].End();
	Repeater['concbridge3'].End();
	Repeater['concbridge4'].End();
	Repeater['pole1'].End();
	Repeater['pole2'].End();
	Repeater['pole3'].End();
	Repeater['pole4'].End();
	Repeater['glasswallR1'].Begin('4',9,0, 0, , , ,3,,5, 'glasswallL');
	Repeater['glasswallL1'].Begin('3',-9,0, 0, , , ,3,,5, 'glasswallR');
	Repeater['glasswallR2'].Begin('4',-5.401,1.6, 0, , , ,3,,5, 'glasswallR');
	Repeater['glasswallL2'].Begin('3',5.401,1.6, 0, , , ,3,,5, 'glasswallL');
	Repeater['stawallR1'].Begin('4',1.79,4.5, 0, , , ,3,5,5, 'stawallR');
	Repeater['stawallL1'].Begin('3',-1.79,4.5, 0, , , ,3,5,5, 'stawall');
	Repeater['stawallR2'].Begin('4',1.79,5.3, , , , 45,3,5,5, 'stawallR');
	Repeater['stawallL2'].Begin('3',-1.79,5.3, , , ,-45 ,3,5,5, 'stawall');
	Repeater['staroof'].Begin('1',2,6.3,2.5,-90,, ,3,5,5, 'roof');
	Repeater['staroofout'].Begin('1',2,7.8,2.5,90,, ,3,5,5, 'roofout');
	Repeater['staoutwallL1'].Begin('3',-2.06,-1,2.5,90,90,,3,5,5, 'staoutwall');
	Repeater['staoutwallR1'].Begin('4',2.06,-1,2.5,-90,-90,,3,5,5, 'staoutwall');
	Repeater['staoutwallL2'].Begin('3',-2.06,7.8,2.5,90,90,,3,5,5, 'staoutwall1');
	Repeater['staoutwallR2'].Begin('4',2.06,7.8,2.5,-90,-90,,3,5,5, 'staoutwall1');
	Repeater['modernformL1'].Begin('1',-0.15, 0, 0, , , ,3,,5, 'modernformL');
	Repeater['modernformL2'].Begin('4',-0.15, 0, 0, , , ,3,,5, 'modernformL');
	Repeater['modernformR1'].Begin('2', 0.15, 0, 0, , , ,3,,5, 'modernformR');
	Repeater['modernformR2'].Begin('3', 0.15, 0, 0, , , ,3,,5, 'modernformR');
	Repeater['modernformgroundL1'].Begin('1',0.5,0,0, , , ,3,,5, 'modernformgroundL1');
	Repeater['modernformgroundL2'].Begin('4',0.5,0,0, , , ,3,,5, 'modernformgroundL1');
	Repeater['kasen1'].Begin0('1',3,39.99,40,'kasen');
	Repeater['kasen2'].Begin0('2',3,39.99,40,'kasen');
	Repeater['kasen3'].Begin0('3',3,39.99,40,'kasen');
	Repeater['kasen4'].Begin0('4',3,39.99,40,'kasen');
	#Formroof
	Repeater['Formroof1'].Begin('1',-1.75,6.77,0,,,90,3,,5, 'dikewall');
	Repeater['FormroofR1'].Begin('2',4.3,6.77,0,,,90,3,,5, 'dikewall');
	Repeater['Formroof2'].Begin('1',-3.65,6.77,0,,,90,3,,5, 'dikewall');
	Repeater['FormroofR2'].Begin('2',6.2,6.77,0,,,90,3,,5, 'dikewall');
	Repeater['roofframework1L'].Begin('1',-2.3,5.3,2.5,-90,-90,,3,5,5, 'staframework');
	Repeater['roofframework2L'].Begin('1',-3.3,5.3,2.5,-90,-90,,3,5,5, 'staframework');
	Repeater['roofframework3L'].Begin('3',2.3,5.3,2.5,-90,-90,,3,5,5, 'staframework');
	Repeater['roofframework4L'].Begin('3',3.3,5.3,2.5,-90,-90,,3,5,5, 'staframework');
	Repeater['roofframework1R'].Begin('2',2.3,5.3,2.5,-90,90,,3,5,5, 'staframework');
	Repeater['roofframework2R'].Begin('2',3.3,5.3,2.5,-90,90,,3,5,5, 'staframework');
	Repeater['roofframework3R'].Begin('4',-2.3,5.3,2.5,-90,90,,3,5,5, 'staframework');
	Repeater['roofframework4R'].Begin('4',-3.3,5.3,2.5,-90,90,,3,5,5, 'staframework');
	#lights
	Repeater['LightL1'].Begin('1',-2.5,4.27,0,,,0,3,,3, 'light');
	Repeater['LightR1'].Begin('2',2.5,4.27,0,,,0,3,,3, 'light');
	Repeater['LightL2'].Begin('4',-2.5,4.27,0,,,0,3,,3, 'light');
	Repeater['LightR2'].Begin('3',2.5,4.27,0,,,0,3,,3, 'light');
	Track['1'].Position(0,0,0,0);
	Track['2'].Position(4,0,0,0);
	Track['3'].Position(-8,0,0,0);
	Track['4'].Position(12,0,0,0);
	Structure['kasenhang'].Put('1',1.9,0,5,,,,,);
	Structure['kasenhangL'].Put('4',-1.9,0,5,,,,,);
	Structure['kasenhangR'].Put('3',1.9,0,5,,,,,);
	Structure['formendfence'].Put('1',-3.7,1.2,0.3,,,,,);
	Structure['formendfence'].Put('2',3.6,1.2,0.3,,,,,);
	Structure['formendfence'].Put('3',3.6,1.2,0.3,,,,,);
	Structure['formendfence'].Put('4',-3.7,1.2,0.3,,,,,);
	Structure['stapier'].Put('1',-4,8.4,-0.5,,,,,);
	Structure['stapier'].Put('4',-4,8.4,-0.5,,,,,);
	Structure['stafrontwall'].Put('1',2,7.8,-0.01,,,,,);
	#ekimei
	Repeater['ekimei1'].Begin('1',-4,0.5,10, ,-90,,3,,20, 'hakurei');
	Repeater['ekimei2'].Begin('2',4,0.5,10, ,90,,3,,20, 'hakurei');
	Repeater['ekimei3'].Begin('1',-4.05,0.5,10, ,90,,3,,20, 'hakurei');
	Repeater['ekimei4'].Begin('2',4.05,0.5,10, ,-90,,3,,20, 'hakurei');
	#led
	Repeater['led1'].Begin('3',3.30,0.5,17, ,0,,3,,40, 'hakurei1');
	Repeater['led3'].Begin('2',3.30,0.5,17, ,0,,3,,40, 'hakurei3');
	Repeater['led4'].Begin('4',-3.30,0.5,17, ,0,,3,,40, 'hakurei4');
	Repeater['led1b'].Begin('3',3.30,0.5,17.05, ,180,,3,,40, 'hakurei1');
	Repeater['led3b'].Begin('2',3.30,0.5,17.05, ,180,,3,,40, 'hakurei3');
	Repeater['led4b'].Begin('4',-3.30,0.5,17.05, ,180,,3,,40, 'hakurei4');
	#formpoles
	$polepositionx1=-3;
	$polepositiony1=0.5;
	$poledistance1=20;
	Repeater['concpole11'].Begin('1',$polepositionx1,-3,$polepositiony1, ,0,,3,,$poledistance1, 'concpole50cm');
	Repeater['concpole12'].Begin('1',$polepositionx1+0.25,-3,$polepositiony1+0.25, ,-90,,3,,$poledistance1, 'concpole50cm');
	Repeater['concpole13'].Begin('1',$polepositionx1-0.25,-3,$polepositiony1+0.25, ,90,,3,,$poledistance1, 'concpole50cm');
	Repeater['concpole14'].Begin('1',$polepositionx1,-3,$polepositiony1+0.5, ,180,,3,,$poledistance1, 'concpole50cm');
	Repeater['concpole11b'].Begin('4',$polepositionx1,-3,$polepositiony1, ,0,,3,,$poledistance1, 'concpole50cm');
	Repeater['concpole12b'].Begin('4',$polepositionx1+0.25,-3,$polepositiony1+0.25, ,-90,,3,,$poledistance1, 'concpole50cm');
	Repeater['concpole13b'].Begin('4',$polepositionx1-0.25,-3,$polepositiony1+0.25, ,90,,3,,$poledistance1, 'concpole50cm');
	Repeater['concpole14b'].Begin('4',$polepositionx1,-3,$polepositiony1+0.5, ,180,,3,,$poledistance1, 'concpole50cm');
	$polepositionx2=3;
	$polepositiony2=0.5;
	$poledistance2=20;
	Repeater['concpole21'].Begin('2',$polepositionx2,-3,$polepositiony2, ,0,,3,,$poledistance2, 'concpole50cm');
	Repeater['concpole22'].Begin('2',$polepositionx2+0.25,-3,$polepositiony2+0.25, ,-90,,3,,$poledistance2, 'concpole50cm');
	Repeater['concpole23'].Begin('2',$polepositionx2-0.25,-3,$polepositiony2+0.25, ,90,,3,,$poledistance2, 'concpole50cm');
	Repeater['concpole24'].Begin('2',$polepositionx2,-3,$polepositiony2+0.5, ,180,,3,,$poledistance2, 'concpole50cm');
	Repeater['concpole21b'].Begin('3',$polepositionx2,-3,$polepositiony2, ,0,,3,,$poledistance2, 'concpole50cm');
	Repeater['concpole22b'].Begin('3',$polepositionx2+0.25,-3,$polepositiony2+0.25, ,-90,,3,,$poledistance2, 'concpole50cm');
	Repeater['concpole23b'].Begin('3',$polepositionx2-0.25,-3,$polepositiony2+0.25, ,90,,3,,$poledistance2, 'concpole50cm');
	Repeater['concpole24b'].Begin('3',$polepositionx2,-3,$polepositiony2+0.5, ,180,,3,,$poledistance2, 'concpole50cm');
	#wallpoles
	$polepositionx3=-1.8;
	$polepositiony3=-0.25;
	$poledistance3=10;
	Repeater['concpole31'].Begin('3',$polepositionx3,-3,$polepositiony3, ,0,,3,,$poledistance3, 'concpole50cm');
	Repeater['concpole32'].Begin('3',$polepositionx3+0.25,-3,$polepositiony3+0.25, ,-90,,3,,$poledistance3, 'concpole50cm');
	Repeater['concpole33'].Begin('3',$polepositionx3-0.25,-3,$polepositiony3+0.25, ,90,,3,,$poledistance3, 'concpole50cm');
	Repeater['concpole34'].Begin('3',$polepositionx3,-3,$polepositiony3+0.5, ,180,,3,,$poledistance3, 'concpole50cm');
	$polepositionx4=1.8;
	$polepositiony4=-0.25;
	$poledistance4=10;
	Repeater['concpole41'].Begin('4',$polepositionx4,-3,$polepositiony4, ,0,,3,,$poledistance4, 'concpole50cm');
	Repeater['concpole42'].Begin('4',$polepositionx4+0.25,-3,$polepositiony4+0.25, ,-90,,3,,$poledistance4, 'concpole50cm');
	Repeater['concpole43'].Begin('4',$polepositionx4-0.25,-3,$polepositiony4+0.25, ,90,,3,,$poledistance4, 'concpole50cm');
	Repeater['concpole44'].Begin('4',$polepositionx4,-3,$polepositiony4+0.5, ,180,,3,,$poledistance4, 'concpole50cm');
distance+3;
	Structure['ele-front'].Put('1',-4,1.1,0,,180,,,);
	Structure['ele-side'].Put('1',-2.75,1.1,-1.25,,-90,,,);
	Structure['ele-side'].Put('1',-5.25,1.1,-1.25,,90,,,);
	Structure['ele-front'].Put('4',-4,1.1,0,,180,,,);
	Structure['ele-side'].Put('4',-2.75,1.1,-1.25,,-90,,,);
	Structure['ele-side'].Put('4',-5.25,1.1,-1.25,,90,,,);
distance+47;
	Structure['kasenhang'].Put('1',1.9,0,5,,,,,);
	Structure['kasenhangL'].Put('4',-1.9,0,5,,,,,);
	Structure['kasenhangR'].Put('3',1.9,0,5,,,,,);
distance+50;
	Structure['kasenhang'].Put('1',1.9,0,5,,,,,);
	Structure['kasenhangL'].Put('4',-1.9,0,5,,,,,);
	Structure['kasenhangR'].Put('3',1.9,0,5,,,,,);
distance+50;
	Structure['kasenhang'].Put('1',1.9,0,5,,,,,);
	Structure['kasenhangL'].Put('4',-1.9,0,5,,,,,);
	Structure['kasenhangR'].Put('3',1.9,0,5,,,,,);
distance+20;
	distance+10-600;
	//Structure['Tmhakurei'].Put('3',-2.3,1.1,-0.01,,,,,);
	Structure['limitpole'].Put('3',-2.3,0.8,,,,,,);
	Structure['limitpole'].Put('3',-2.3,-0.4,,,,,,);
	distance+100;
	Structure['teisha'].Put('3',-2.3,0.9,0,,,,,);
	Structure['limitpole'].Put('3',-2.3,0.8,,,,,,);
	Structure['limitpole'].Put('3',-2.3,-0.4,,,,,,);
	distance+200;
	Structure['300t'].Put('3',-2.3,-0.7,0,,,,,);
	Structure['limitpole'].Put('3',-2.3,-0.3,0,,,,,);
	distance+100;
	Structure['200t'].Put('1',-2.3,-0.7,0,,,,,);
	Structure['limitpole'].Put('1',-2.3,-0.3,0,,,,,);
	Structure['200t'].Put('3',-2.3,-0.7,0,,,,,);
	Structure['limitpole'].Put('3',-2.3,-0.3,0,,,,,);
	distance+100;
	Structure['100t'].Put('3',-1.6,-0.6,0,,,,,);
	Structure['100t'].Put('1',-2.25,2.3,0,,,,,);
	distance+100;
	Background.Change('Bg_mt');
	//$dist1+10‘Š“–
distance-250;
	
	//Train['903M'].Stop(3, 0, 0, 0);
	distance+267;
	Structure['ele-front'].Put('1',-4,1.1,0,,,,,);
	Structure['ele-side'].Put('1',-2.75,1.1,1.25,,-90,,,);
	Structure['ele-side'].Put('1',-5.25,1.1,1.25,,90,,,);
	Structure['ele-front'].Put('4',-4,1.1,0,,,,,);
	Structure['ele-side'].Put('4',-2.75,1.1,1.25,,-90,,,);
	Structure['ele-side'].Put('4',-5.25,1.1,1.25,,90,,,);
	distance+3;
	Repeater['modernformL1'].End();
	Repeater['modernformL2'].End();
	Repeater['modernformR1'].End();
	Repeater['modernformR2'].End();
	Repeater['modernformgroundL1'].End();
	Repeater['modernformgroundL2'].End();
	Repeater['glasswallR1'].End();
	Repeater['glasswallL1'].End();
	Repeater['glasswallR2'].End();
	Repeater['glasswallL2'].End();
	Repeater['stawallR1'].End();
	Repeater['stawallL1'].End();
	Repeater['stawallR2'].End();
	Repeater['stawallL2'].End();
	Repeater['staroof'].End();
	Repeater['staroofout'].End();
	Repeater['staoutwallL1'].End();
	Repeater['staoutwallL2'].End();
	Repeater['staoutwallR1'].End();
	Repeater['staoutwallR2'].End();
	Repeater['ekimei1'].End();
	Repeater['ekimei2'].End();
	Repeater['ekimei3'].End();
	Repeater['ekimei4'].End();
	Repeater['led1'].End();
	Repeater['led2'].End();
	Repeater['led3'].End();
	Repeater['led4'].End();
	Repeater['led1b'].End();
	Repeater['led2b'].End();
	Repeater['led3b'].End();
	Repeater['led4b'].End();
	Repeater['pier1'].Begin('3',0, 0, 0, , , ,3,,20, 'pier');
	Repeater['pier2'].Begin('4',0, 0, 0, , , ,3,,20, 'pier');
	Repeater['concbridge1'].Begin('1',0,-0.25, 0, , , ,3,,5, 'concbridge');
	Repeater['concbridge2'].Begin('2',0,-0.25, 0, , , ,3,,1, 'concbridge');
	Repeater['concbridge3'].Begin('3',0,-0.25, 0, , , ,3,,5, 'concbridge');
	Repeater['concbridge4'].Begin('4',0,-0.25, 0, , , ,3,,5, 'concbridge');
	Repeater['concbridge5'].Begin('5',0,-0.25, 0, , , ,3,,1, 'concbridge');
	Repeater['concbridge6'].Begin('6',0,-0.25, 0, , , ,3,,5, 'concbridge');
	Repeater['bridgewallL1'].Begin('1',-0.2,-0.5,0, , , ,3,,5, 'bridgewallL');
	Repeater['bridgewallR1'].Begin('2',0.2,-0.5,0, , , ,3,,5, 'bridgewallR');
	Repeater['bridgewallL2'].Begin('3',-0.2,-0.5,0, , , ,3,,5, 'bridgewallL');
	Repeater['bridgewallR2'].Begin('3',0.2,-0.5,0, , , ,3,,5, 'bridgewallR');
	Repeater['bridgewallL3'].Begin('4',-0.2,-0.5,0, , , ,3,,5, 'bridgewallL');
	Repeater['bridgewallR3'].Begin('5',0.2,-0.5,0, , , ,3,,1, 'bridgewallR');
	Structure['kasenhang'].Put('1',1.9,0,-5,,,,,);
	Structure['kasenhangL'].Put('4',-1.9,0,-5,,,,,);
	Structure['kasenhangR'].Put('3',1.9,0,-5,,,,,);
	//Repeater['mountain'].Begin0('mountain',3,49.99,50, 'mount');
	Repeater['mountainR'].Begin0('mountainR',3,49.99,50, 'mountR');
	Structure['formendfence'].Put('1',-3.7,1.2,-0.3,,,,,);
	Structure['formendfence'].Put('2',3.6,1.2,-0.3,,,,,);
	Structure['formendfence'].Put('3',3.6,1.2,-0.3,,,,,);
	Structure['formendfence'].Put('4',-3.7,1.2,-0.3,,,,,);
	Structure['stapier'].Put('1',-4,8.4,0.5,,,,,);
	Structure['stapier'].Put('4',-4,8.4,0.5,,,,,);
	Repeater['Formroof1'].End();
	Repeater['FormroofR1'].End();
	Repeater['Formroof2'].End();
	Repeater['FormroofR2'].End();
	Repeater['roofframework1L'].End();
	Repeater['roofframework2L'].End();
	Repeater['roofframework3L'].End();
	Repeater['roofframework4L'].End();
	Repeater['roofframework1R'].End();
	Repeater['roofframework2R'].End();
	Repeater['roofframework3R'].End();
	Repeater['roofframework4R'].End();
	#lightend
	Repeater['LightL1'].End();
	Repeater['LightR1'].End();
	Repeater['LightL2'].End();
	Repeater['LightR2'].End();
	SpeedLimit.End();
	//Structure['wire'].Put('3',-3.2,6.5,0,,,,,);
	distance+10;
	Repeater['concpole11'].End();
	Repeater['concpole12'].End();
	Repeater['concpole13'].End();
	Repeater['concpole14'].End();
	Repeater['concpole21'].End();
	Repeater['concpole22'].End();
	Repeater['concpole23'].End();
	Repeater['concpole24'].End();
	Repeater['concpole11b'].End();
	Repeater['concpole12b'].End();
	Repeater['concpole13b'].End();
	Repeater['concpole14b'].End();
	Repeater['concpole21b'].End();
	Repeater['concpole22b'].End();
	Repeater['concpole23b'].End();
	Repeater['concpole24b'].End();
	Repeater['concpole31'].End();
	Repeater['concpole32'].End();
	Repeater['concpole33'].End();
	Repeater['concpole34'].End();
	Repeater['concpole41'].End();
	Repeater['concpole42'].End();
	Repeater['concpole43'].End();
	Repeater['concpole44'].End();
	distance+30;
	Section.Begin(0,5);
$ATS=distance;
	include 'AbsolutePSignalBeacon.map';
$ATS;
	Signal['Type2gr'].Put(0,'1',-2.4,4.5,-0.05,,,,,);
	Structure['LabelBS5_L'].Put('1',-2.4,1.7,-0.1,,,,,);
	Structure['Sig_Pole'].Put('1',-2.4,-0.6,0,,,,,5);
	Structure['Sig_Arm_SU'].Put('1',-2.4,4.5,0,,,,,5);
	Structure['Sig_Arm_SD'].Put('1',-2.4,3.38,0,,,,,5);
	Structure['Sig_Base_Step'].Put('1',-2.4,-0.6,0,,,,,5);
	//Structure['stop_EOA'].Put('1',-2.4,1.3,-0.1,,,,,5);
	Structure['SN'].Put('1',-2.4,2.6,-0.1,,,,,);
	Sound['901MKomakanDepT'].Play();
	
	//Structure['Type2gr'].Put('3',-2.4,4.5,-0.05,,,,,);
	Structure['LabelBS6_L'].Put('3',-2.4,1.7,-0.1,,,,,);
	Structure['SN'].Put('3',-2.4,2.6,-0.1,,,,,);
	Structure['stop_EOA'].Put('3',-2.4,1.3,-0.1,,,,,5);
	Structure['Sig_Pole'].Put('3',-2.4,-0.6,0,,,,,5);
	Structure['Sig_Arm_SU'].Put('3',-2.4,4.5,0,,,,,5);
	Structure['Sig_Arm_SD'].Put('3',-2.4,3.38,0,,,,,5);
	Structure['Sig_Base_Step'].Put('3',-2.4,-0.6,0,,,,,5);
	
	Track['3'].Position(-8,-0.01,1000,0);
	Track['4'].Position(12,-0.01,-1000,0);
	Track['6'].Position(12,-0.01,-1000,0);
	
distance-47;
	Structure['stop'].Put('1',2,-0.3,0,,,,,);
	//Train['903M'].Enable(1);
	Station['Komakan'].Put(-1,-5,5);
	distance+47;
	Repeater['pole1'].Begin0('1',3,39.99,40,'bridgepole');
	Repeater['pole3'].Begin0('3',3,39.99,40,'bridgepole');
	Repeater['pole5'].Begin('5',0,0,0, ,180, ,3,,40, 'bridgepole');
	Repeater['pole4'].Begin('4',0,0,0, ,180, ,3,,40, 'bridgepole');
	distance+30;
	Track['5'].Position(12,-0.01,0,0);
	distance+25;
	Repeater['bridgewallL1'].End();
	Repeater['bridgewallR1'].End();
	Repeater['bridgewallR2'].End();
	Repeater['bridgewallL3'].End();
	Repeater['pole1'].End();
	Repeater['pole2'].End();
	distance+10;
	Repeater['pole1'].Begin('1',0,0,0, ,0, ,3,,20, 'bridgepole');
	Repeater['pole2'].Begin('2',0,0,0, ,180, ,3,,20, 'bridgepole');
	distance+15;
	Track['3'].Position(-4,-0.01,-1500,0);
	Track['4'].Position(8,-0.01,1500,0);
	Track['5'].Position(12,-0.01,-600,0);
	Track['6'].Position(8,-0.01,1500,0);
	Repeater['pole1'].End();
	Repeater['pole2'].End();
	distance+20;
	Structure['fukusenpole8'].Put('1',2,0,0,,,,,);
	Structure['kasenhang'].Put('1',1.9,0,0,,,,,);
	Structure['kasenhangL'].Put('5',-1.9,0,0,,,,,);
	Structure['kasenhangR'].Put('4',1.9,0,0,,,,,);
	distance+30;
	JointNoise.Play(0);
	Track['mountainR'].Position(65,40,0,0);
	Track['mountain'].Position(-60,50,0,0);
	Track['5'].Position(10,-0.01,600,0);
	distance+50;	
	Repeater['pole3'].End();
	Repeater['pole4'].End();
	Repeater['bridgewallL2'].End();
	Repeater['bridgewallR3'].End();
	Track['3'].Position(0,-0.01,0,0);
	Track['4'].Position(4,-0.01,0,0);
	Track['5'].Position(8,-0.01,0,0);
	Track['6'].Position(4,-0.01,0,0);
	Repeater['pier1'].End();
	Repeater['pier2'].End();
	Repeater['concbridge3'].End();
	Repeater['concbridge4'].End();
	Repeater['bridgewallL1'].Begin('1',-0.2,-0.5,0, , , ,3,,5, 'bridgewallL');
	Repeater['bridgewallR1'].Begin('5',0.2,-0.5,0, , , ,3,,5, 'bridgewallR');
	Repeater['pole1'].Begin0('1',3,39.99,40,'bridgepole');
	Repeater['pole5'].Begin('5',0,0,0, ,180, ,3,,40, 'bridgepole');
	Repeater['pole2'].Begin('2',0,0,0, ,180, ,3,,40, 'bridgepole');
	Repeater['pole4'].Begin('4',0,0,0, ,180, ,3,,40, 'bridgepole');
$distance=distance;