BveTs Map 2.02
	#RollingNoise Setting(E129series)-> 0=longrail 2=25mrail 3=bridge 4=tunnel
	#RollingNoise Setting(EF81)-> 0=25mrail 2=bridge 3=tunnel 4=longrail
$dist1=1560;
#RollingNoise Setting(E129series)-> 0=longrail 2=25mrail 3=bridge 4=tunnel
$runlong=0;
$run25m=2;
$runbri=3;
$runtun=4;
#RollingNoise Setting(E129series)-> 0=longrail 2=25mrail 3=bridge 4=tunnel
Structure.Load('Structures.txt');
Sound.Load('sound.txt');
Sound3D.Load('sound3d.txt');
Station.Load('Stations901M.txt');
Signal.Load('Signals.csv');
Signal.SpeedLimit(0,25,45,65,95);
0;
	Train['902M'].Load('Train.txt','4',-1);
	Train['903M'].Load('Train.txt','3',-1);
	Curve.SetGauge(1.067);
	SpeedLimit.Begin(95);
	Beacon.Put(25,0,211);
$distance=distance;
	include 'KirinomizuumiDeport1A.map';

0+$dist1;
include 'Komakan5A.map';
include 'ShinKomakan1A.map';
include 'ShinKomakan_VualA.map';
include 'Vual2A.map';
include 'Vual_MuenzukaA.map';
include 'Muenzuka2A.map';
include 'Muenzuka_ShinMuenzukaA.map';
include 'ShinMuenzuka1A.map';
include 'ShinMuenzuka_KawashiroA.map';
include 'Kawashiro2A.map';
include 'Kawashiro_AyaA.map';
include 'final.map';