BveTs Map 2.02
$distance;

distance+50;

	Track['ground'].Position(0,-14,0,0);
	Gradient.BeginTransition();
	

	Track['3'].X.Interpolate(0,0);
	Track['4'].X.Interpolate(0,0);
	Track['6'].X.Interpolate(0,0);

	
	Beacon.Put(9,0,325080); #ã»ê¸
distance+300;
	
	Gradient.Begin(-3);
	Curve.BeginTransition();
	Track['ground'].Position(0,-13,0,0);

	Track['3'].X.Interpolate(0,0);
	Track['4'].X.Interpolate(0,0);
	Track['6'].X.Interpolate(0,0);
distance+25;
	Track['3'].X.Interpolate(0,0);
	Track['4'].X.Interpolate(0,0);
	Track['6'].X.Interpolate(0,0);
	SpeedLimit.Begin(75);
	Curve.Begin(-400,-0.0001);
	
distance+1256;
	Curve.BeginTransition();

$Beacon=distance;
distance+250;
	Beacon.Put(19,0,0); #ã»ê¸
	SpeedLimit.Begin(90);
$Beacon;
	Curve.Begin(1200,0.0001);
distance+1884;
	Curve.End();
	Gradient.BeginTransition();
	Track['mountain'].Position(-100,0,0,0);
	Track['3'].X.Interpolate(0,0);
	Track['4'].X.Interpolate(0,0);
	Track['6'].X.Interpolate(0,0);
distance+25;
	Gradient.End();
$Beacon=distance;
distance+250;
	SpeedLimit.End();
$Beacon;
	Track['ground'].Position(0,0,0,0);
	Repeater['bridgewallL1'].End();
	Repeater['bridgewallR1'].End();
	Repeater['bridgewallL2'].End();
	Repeater['bridgewallR2'].End();
	Repeater['bridgewallL3'].End();
	Repeater['bridgewallR3'].End();
	Repeater['bridgewallL4'].End();
	Repeater['bridgewallR4'].End();
	Repeater['slabRail'].End();
	Repeater['concbridge'].End();
	Repeater['concbridge1'].End();
	Repeater['concbridge2'].End();
	Repeater['concbridge3'].End();
	Repeater['concbridge4'].End();
	Repeater['concbridge5'].End();
	Repeater['concbridge6'].End();
	Repeater['Rail'].Begin('1',0,0,0,0,0,0,3,4.99,5,'rail');
	//Repeater['Rail'].Begin0('1',3,4.99,5,'rail');
	Repeater['slabRail3'].End();
	Repeater['Rail3'].Begin0('3',1,4.99,5,'rail');
	Repeater['slabRail4'].End();
	//Repeater['Rail4'].Begin0('4',1,4.99,5,'rail');
	Repeater['slabRail6'].End();
	Repeater['Rail6'].Begin0('6',1,4.99,5,'rail');

	Track['3'].X.Interpolate(0,0);
	Track['4'].X.Interpolate(0,0);
	Track['6'].X.Interpolate(0,0);
	Sound['901MVualArrT'].Play();
distance+700;
	Beacon.Put(9,0,300050);
distance+200;
	Beacon.Put(6,0,300065);
	Curve.BeginTransition();
distance+100;
	SpeedLimit.Begin(60);
	Curve.Begin(-800,-0.0001);
distance+100;
Curve.BeginTransition();
	Curve.Begin(800,0.0001);
	Track['3'].X.Interpolate(0,0);
	Track['4'].X.Interpolate(0,0);
	Track['6'].X.Interpolate(0,0);
distance+100;


	Section.Begin(0,2,5);
$ATS=distance;
	include 'AbsolutePSignalBeacon.map';
$ATS;
	Signal['Type3'].Put(0,'1',-2.4,4.4,-0.06,,,,,);
	Structure['LabelBS4_L'].Put('1',-2.4,3,-0.1,,,,,);
	Structure['Sig_Pole'].Put('1',-2.4,-0.6,0,,,,,5);
	Structure['Sig_Arm_SU'].Put('1',-2.4,4.5,0,,,,,5);
	Structure['Sig_Arm_SD'].Put('1',-2.4,3.48,0,,,,,5);
	Structure['Sig_Base_Step'].Put('1',-2.4,-0.6,0,,,,,5);
	Curve.End();

$Beacon=distance;
distance+250;
	Beacon.Put(19,0,0); #ã»ê¸
$Beacon;

$distance=distance;