BveTs Map 2.02
$distance;

distance+500;

	Curve.BeginTransition();
distance+16;
	Curve.Begin(600,0.001);
distance+600;
	Curve.BeginTransition();
distance+16;
	Curve.End();

distance+25;
	Curve.BeginTransition();
distance+16;
	Curve.Begin(-600,0);
distance+300;
	Repeater['Rail'].End();
	Repeater['Rail1'].End();
	Repeater['Rail2'].End();
	Repeater['Rail3'].End();
	Repeater['Rail4'].End();
	Repeater['Rail5'].End();
	Repeater['Rail6'].End();
	Repeater['Rail'].Begin0('1',3,4.99,5,'bridgerail');
	Repeater['bridgehandleL1'].Begin('1', 0, 0, 0, , , , 3,,5, 'bridgehandleL');
	Repeater['bridgehandleR1'].Begin('1', 0, 0, 0, , , , 3,,5, 'bridgehandleR');
	
	Repeater['River'].Begin('ground',0,-1.4,30, , , ,1,,49, 'river');
	Repeater['River2'].Begin('ground',-130,-1.5,30, , , ,1,,49, 'river');
   
distance+30; 
	
	Repeater['River'].End();
	Repeater['River2'].End();
distance+100;
	Repeater['Rail'].End();
	Repeater['Rail'].Begin0('1',3,4.99,5,'rail');
	Repeater['bridgehandleL1'].End();
	Repeater['bridgehandleR1'].End();
distance+1200;
	Repeater['kirinomizuumi'].End();
	Repeater['kirinomizuumi2'].End();
	Repeater['kirinomizuumi3'].End();
	Repeater['grassland2'].Begin('ground',-130,0,0, , , ,1,,49, 'grassland');
    
	Repeater['grassland3'].Begin('ground',-180,0,0, , , ,1,,49, 'grassland');
    
	Repeater['grassland4'].Begin('ground',-230,0,0, , , ,1,,49, 'grassland');
    
distance+200;
	Curve.BeginTransition();
distance+16;
	Curve.End();
	Curve.BeginTransition();
distance+16;
	Curve.Begin(1000,0);
distance+90;

	Repeater['formL1'].Begin('1',-0.15, 0, 0, , , ,3,,5, 'formL');
	Repeater['formgroundL1'].Begin('1',0, 0, 0, , , ,3,,5, 'formgroundL');
distance+250;
	Station['Kirinomizuumihama'].Put(1,-5,5);
	Structure['stop'].Put('1',2,-0.3,0,,,,,);
distance+10;
	Repeater['formL1'].End();
	Repeater['formgroundL1'].End();

distance+100;
	Structure['mount'].Put('1',10,67,53.5,0,52.5,0,3,);	
	Structure['mount'].Put('1',-50,67,53.5,0,52.5,0,3,);	
	Structure['mount'].Put('1',-100,67,53.5,0,52.5,0,3,);
	Structure['mount'].Put('1',-20,50,0,0,0,-30,3,);
	Structure['mountR'].Put('1',41,57,57.5,0,-90,0,3,);	
	Structure['mountH'].Put('1',-165,290,0,0,0,-30,3,);	
	Structure['mountH'].Put('1',-100,50,-400,0,0,-30,3,);	
	Repeater['Rail'].End();
	
	Repeater['Rail2'].End();
	Repeater['Rail3'].End();
	Repeater['Rail4'].End();
	Repeater['Rail5'].End();
	Repeater['Rail6'].End();
	Structure['Tunnelpotaldark-tansen'].Put('1',0,0,,,,,,);
	Structure['Tunnelentry-tansen'].Put('1',0,0,,,,,,);
	Repeater['slabRail'].Begin0('1',3,4.99,5,'slabraildark');
	Repeater['slabRail2'].Begin0('2',3,4.99,5,'slabraildark');
	Structure['jyukaiTun'].Put('1',-2.5,2,0,0,0,0,3,);	
	rollingNoise.Change($runtun);
	CabIlluminance.Set(1);
distance+5;
	Repeater['tunnelwall'].Begin('1',0,0	,, , , ,3,5,5, 'Tunnellp-tansen');
distance+5;
	CabIlluminance.Set(0);
distance+600;
	Curve.BeginTransition();
distance+16;
	Curve.End();
distance+300;
	Curve.BeginTransition();
distance+16;
	Curve.Begin(-1000,0);
distance+300;
	Curve.BeginTransition();
distance+16;
	Curve.End();
distance+500;

	Curve.BeginTransition();
distance+16;
	Curve.Begin(700,0);
distance+795;
	Repeater['tunnelwall'].End();
	Structure['Tunnelexit-tansen'].Put('1',0,0,,,,,,);
distance+5;
	Repeater['slabRail'].End();
	Repeater['slabRail2'].End();
	Structure['rail'].Put('1',0,-2.55,-4.33,-30,0,0,0,);
	Structure['rail'].Put('2',0,-2.55,-4.33,-30,0,0,0,);
	Repeater['Rail'].Begin0('1',3,4.99,5,'rail');
	rollingNoise.Change($run25m);
	CabIlluminance.Set(1);

//Structure['structureKey'].Put('trackKey',x,y,z,rx,ry,rz,tilt,span);
	Structure['mount'].Put('1',-76, 0,-30,-30,180,0,0,0);
	Structure['mount'].Put('1',  2, 0,  0,  0,180,-50,0,0);
	Structure['mount'].Put('1',  0,65,-58,  0,195,0,0,0);
	//Structure['mountH'].Put('1',0,10,0,0,0,0,0,0);
	Structure['Tunnelpotaldark-tansen'].Put('1',0.051,0,0,,180,,,);
	Structure['jyukaiTun'].Put('1',2.6,2,0.1,0,180,0,3,);	
distance+100;
	Curve.BeginTransition();
distance+16;
	Curve.End();
	Repeater['formL1'].Begin('1',-0.15, 0, 0, , , ,3,,5, 'formL');
	Repeater['formgroundL1'].Begin('1',0, 0, 0, , , ,3,,5, 'formgroundL');
distance+250;
	Station['Saishinomichi'].Put(1,-5,5);
	Structure['stop'].Put('1',2,-0.3,0,,,,,);
distance+10;
	Repeater['formL1'].End();
	Repeater['formgroundL1'].End();
distance+2000;
	Structure['RailEnd1'].Put('2',0,0,0,0,180,0,0,0);
	Sound['901MMuenzukaArrT'].Play();
	Track['2'].X.Interpolate(4,0);
	Repeater['Rail2'].Begin0('2',1,4.99,5,'rail');
	Repeater['kasen2'].Begin0('2',3,39.99,40,'kasen');
	Repeater['pole2'].Begin('2',0,0,0,0,180,0,3,39.99,40,'bridgepole');
	Repeater['kasen3'].Begin0('3',3,39.99,40,'kasen');
	Track['5'].X.Interpolate(4,0);
	Repeater['Rail5'].Begin0('5',1,4.99,5,'rail');
	Repeater['kasen5'].Begin0('5',3,39.99,40,'kasen');
$distance=distance;