BveTs Map 2.02
$distance;
distance+1000;
Curve.BeginTransition();
distance+16;
Curve.Begin(-600,0);
distance+1500;
Curve.BeginTransition();
distance+16;
Curve.End();
Curve.BeginTransition();
distance+16;
Curve.Begin(600,0);
distance+1500;
Curve.BeginTransition();
distance+16;
Curve.End();
distance+1000;
Curve.BeginTransition();
distance+16;
Curve.Begin(-600,0);
distance+1500;
Curve.BeginTransition();
distance+16;
Curve.End();
Curve.BeginTransition();
distance+16;
Curve.Begin(600,0);
distance+1500;
Curve.BeginTransition();
distance+16;
Curve.End();
distance+1000;
Curve.BeginTransition();
distance+16;
Curve.Begin(-600,0);
distance+2500;
Curve.BeginTransition();
distance+16;
Curve.End();
Curve.BeginTransition();
distance+16;
Curve.Begin(600,0);
distance+2200;
Curve.BeginTransition();
distance+16;
Curve.End();
distance+1000;
Curve.BeginTransition();
distance+16;
Curve.Begin(-600,0);
distance+1500;
Curve.BeginTransition();
distance+16;
Curve.End();
Curve.BeginTransition();
distance+16;
Curve.Begin(600,0);
distance+1500;
Curve.BeginTransition();
distance+16;
Curve.End();
distance+2000;
	Section.Begin(0,2,5);
	Signal['Type3'].Put(0,'1',2.4,4.4,-0.06,,,,,);
	Structure['LabelBS4_L'].Put('1',2.4,3,-0.1,,,,,);
	Structure['Sig_Pole'].Put('1',2.4,-0.6,0,,,,,5);
	Structure['Sig_Arm_SU'].Put('1',2.4,4.5,0,,,,,5);
	Structure['Sig_Arm_SD'].Put('1',2.4,3.48,0,,,,,5);
	Structure['Sig_Base_Step'].Put('1',2.4,-0.6,0,,,,,5);
$ATS=distance;
	include 'BlockPSignalBeacon.map';
$ATS;
    Repeater['formR1'].Begin('1',0.15, -0.1, -0.1, , , ,3,,5, 'formR');
	Repeater['formgroundR1'].Begin('1',0   ,-0.1,0, , , ,3,,5, 'formgroundR');
distance+280;
Station['YamanochiOno'].Put(1,-5,5);
Structure['stop'].Put('1',2,0,0,0,0,0,0,0);
distance+30;
	Repeater['formR1'].End();
	Repeater['formgroundR1'].End();
	Section.Begin(0,2,5);
	Signal['Type3'].Put(0,'1',2.4,4.4,-0.06,,,,,);
	Structure['LabelBS4_L'].Put('1',2.4,3,-0.1,,,,,);
	Structure['Sig_Pole'].Put('1',2.4,-0.6,0,,,,,5);
	Structure['Sig_Arm_SU'].Put('1',2.4,4.5,0,,,,,5);
	Structure['Sig_Arm_SD'].Put('1',2.4,3.48,0,,,,,5);
	Structure['Sig_Base_Step'].Put('1',2.4,-0.6,0,,,,,5);
$ATS=distance;
	include 'BlockPSignalBeacon.map';
$ATS;
distance+100;

Curve.BeginTransition();
distance+16;
Curve.Begin(-300,0);
distance+750;
Curve.BeginTransition();
distance+16;
Curve.End();
Curve.BeginTransition();
distance+16;
Curve.Begin(300,0);
distance+750;
Curve.BeginTransition();
distance+16;
Curve.End();
distance+1000;

Curve.BeginTransition();
distance+16;
Curve.Begin(600,0);
distance+1500;
Curve.BeginTransition();
distance+16;
Curve.End();
Curve.BeginTransition();
distance+16;
Curve.Begin(-600,0);
distance+1500;
Curve.BeginTransition();
distance+16;
Curve.End();

Curve.BeginTransition();
distance+16;
Curve.Begin(-300,0);
distance+750;
Curve.BeginTransition();
distance+16;
Curve.End();
Curve.BeginTransition();
distance+16;
Curve.Begin(300,0);
distance+750;
Curve.BeginTransition();
distance+16;
Curve.End();
distance+750;
Curve.BeginTransition();
distance+16;
Curve.Begin(300,0);
distance+750;
Curve.BeginTransition();
distance+16;
Curve.End();
Curve.BeginTransition();
distance+16;
Curve.Begin(-300,0);
distance+750;
Curve.BeginTransition();
distance+16;
Curve.End();	Section.Begin(0,2,5);
	Signal['Type3'].Put(0,'1',2.4,4.4,-0.06,,,,,);
	Structure['LabelBS4_L'].Put('1',2.4,3,-0.1,,,,,);
	Structure['Sig_Pole'].Put('1',2.4,-0.6,0,,,,,5);
	Structure['Sig_Arm_SU'].Put('1',2.4,4.5,0,,,,,5);
	Structure['Sig_Arm_SD'].Put('1',2.4,3.48,0,,,,,5);
	Structure['Sig_Base_Step'].Put('1',2.4,-0.6,0,,,,,5);
$ATS=distance;
	include 'BlockPSignalBeacon.map';
$ATS;
    Repeater['formR1'].Begin('1',0.15, -0.1, -0.1, , , ,3,,5, 'formR');
	Repeater['formgroundR1'].Begin('1',0   ,-0.1,0, , , ,3,,5, 'formgroundR');
distance+280;
Station['Horikawa'].Put(1,-5,5);
Structure['stop'].Put('1',2,0,0,0,0,0,0,0);
distance+30;
	Repeater['formR1'].End();
	Repeater['formgroundR1'].End();
	Section.Begin(0,2,5);
	Signal['Type3'].Put(0,'1',2.4,4.4,-0.06,,,,,);
	Structure['LabelBS4_L'].Put('1',2.4,3,-0.1,,,,,);
	Structure['Sig_Pole'].Put('1',2.4,-0.6,0,,,,,5);
	Structure['Sig_Arm_SU'].Put('1',2.4,4.5,0,,,,,5);
	Structure['Sig_Arm_SD'].Put('1',2.4,3.48,0,,,,,5);
	Structure['Sig_Base_Step'].Put('1',2.4,-0.6,0,,,,,5);
$ATS=distance;
	include 'BlockPSignalBeacon.map';
$ATS;
Curve.BeginTransition();
distance+16;
Curve.Begin(-1000,0);
distance+1000;
Curve.BeginTransition();
distance+16;
Curve.End();
distance+1000;
Curve.BeginTransition();
distance+16;
Curve.Begin(1000,0);
distance+1000;
Curve.BeginTransition();
distance+16;
Curve.End();
	Section.Begin(0,2,5);
	Signal['Type3'].Put(0,'1',2.4,4.4,-0.06,,,,,);
	Structure['LabelBS4_L'].Put('1',2.4,3,-0.1,,,,,);
	Structure['Sig_Pole'].Put('1',2.4,-0.6,0,,,,,5);
	Structure['Sig_Arm_SU'].Put('1',2.4,4.5,0,,,,,5);
	Structure['Sig_Arm_SD'].Put('1',2.4,3.48,0,,,,,5);
	Structure['Sig_Base_Step'].Put('1',2.4,-0.6,0,,,,,5);
$ATS=distance;
	include 'BlockPSignalBeacon.map';
$ATS;
    Repeater['formR1'].Begin('1',0.15, -0.1, -0.1, , , ,3,,5, 'formR');
	Repeater['formgroundR1'].Begin('1',0   ,-0.1,0, , , ,3,,5, 'formgroundR');
distance+280;
Station['YamanochiIkenuma'].Put(1,-5,5);
Structure['stop'].Put('1',2,0,0,0,0,0,0,0);
distance+30;
	Repeater['formR1'].End();
	Repeater['formgroundR1'].End();
	Section.Begin(0,2,5);
	Signal['Type3'].Put(0,'1',2.4,4.4,-0.06,,,,,);
	Structure['LabelBS4_L'].Put('1',2.4,3,-0.1,,,,,);
	Structure['Sig_Pole'].Put('1',2.4,-0.6,0,,,,,5);
	Structure['Sig_Arm_SU'].Put('1',2.4,4.5,0,,,,,5);
	Structure['Sig_Arm_SD'].Put('1',2.4,3.48,0,,,,,5);
	Structure['Sig_Base_Step'].Put('1',2.4,-0.6,0,,,,,5);
$ATS=distance;
	include 'BlockPSignalBeacon.map';
$ATS;
distance+5000;
Curve.BeginTransition();
distance+16;
Curve.Begin(-1000,0);
distance+1000;
Curve.BeginTransition();
distance+16;
Curve.End();
	Section.Begin(0,2,5);
	Signal['Type3'].Put(0,'1',2.4,4.4,-0.06,,,,,);
	Structure['LabelBS4_L'].Put('1',2.4,3,-0.1,,,,,);
	Structure['Sig_Pole'].Put('1',2.4,-0.6,0,,,,,5);
	Structure['Sig_Arm_SU'].Put('1',2.4,4.5,0,,,,,5);
	Structure['Sig_Arm_SD'].Put('1',2.4,3.48,0,,,,,5);
	Structure['Sig_Base_Step'].Put('1',2.4,-0.6,0,,,,,5);
$ATS=distance;
	include 'BlockPSignalBeacon.map';
$ATS;
    Repeater['formR1'].Begin('1',0.15, -0.1, -0.1, , , ,3,,5, 'formR');
	Repeater['formgroundR1'].Begin('1',0   ,-0.1,0, , , ,3,,5, 'formgroundR');
distance+280;
Station['YakumoShiraoka'].Put(1,-5,5);
Structure['stop'].Put('1',2,0,0,0,0,0,0,0);
distance+30;
	Repeater['formR1'].End();
	Repeater['formgroundR1'].End();
	Section.Begin(0,2,5);
	Signal['Type3'].Put(0,'1',2.4,4.4,-0.06,,,,,);
	Structure['LabelBS4_L'].Put('1',2.4,3,-0.1,,,,,);
	Structure['Sig_Pole'].Put('1',2.4,-0.6,0,,,,,5);
	Structure['Sig_Arm_SU'].Put('1',2.4,4.5,0,,,,,5);
	Structure['Sig_Arm_SD'].Put('1',2.4,3.48,0,,,,,5);
	Structure['Sig_Base_Step'].Put('1',2.4,-0.6,0,,,,,5);
$ATS=distance;
	include 'BlockPSignalBeacon.map';
$ATS;
distance+1000;
distance+5000;
$distance=distance;